[     139ms] [LOG] [Fast Refresh] rebuilding @ http://localhost:3000/_next/static/chunks/0loi_next_dist_125_q28._.js:2477
[     333ms] [LOG] [Fast Refresh] done in 299ms @ http://localhost:3000/_next/static/chunks/0loi_next_dist_125_q28._.js:2477
[     523ms] [INFO] %cDownload the React DevTools for a better development experience: https://react.dev/link/react-devtools font-weight:bold @ http://localhost:3000/_next/static/chunks/0loi_next_dist_125_q28._.js:2477
[     653ms] [LOG] [HMR] connected @ http://localhost:3000/_next/static/chunks/0loi_next_dist_125_q28._.js:2477
[    1534ms] [WARNING] THREE.Clock: This module has been deprecated. Please use THREE.Timer instead. @ http://localhost:3000/_next/static/chunks/0loi_next_dist_125_q28._.js:2477
[    1611ms] [LOG] [Laptop] GLB world bbox size: 1.320 0.888 1.296 @ http://localhost:3000/_next/static/chunks/0loi_next_dist_125_q28._.js:2477
[    1611ms] [LOG] [Laptop] GLB world bbox center: -2.498 0.412 0.010 @ http://localhost:3000/_next/static/chunks/0loi_next_dist_125_q28._.js:2477
[    1612ms] [LOG] [Laptop] GLB world bbox size: 1.320 0.888 1.296 @ http://localhost:3000/_next/static/chunks/0loi_next_dist_125_q28._.js:2477
[    1612ms] [LOG] [Laptop] GLB world bbox center: -2.498 0.412 0.010 @ http://localhost:3000/_next/static/chunks/0loi_next_dist_125_q28._.js:2477
[    1637ms] [LOG] [Laptop] GLB world bbox size: 1.320 0.888 1.296 @ http://localhost:3000/_next/static/chunks/0loi_next_dist_125_q28._.js:2477
[    1637ms] [LOG] [Laptop] GLB world bbox center: -2.498 0.412 0.010 @ http://localhost:3000/_next/static/chunks/0loi_next_dist_125_q28._.js:2477
[    1638ms] [LOG] [Laptop] GLB world bbox size: 1.320 0.888 1.296 @ http://localhost:3000/_next/static/chunks/0loi_next_dist_125_q28._.js:2477
[    1638ms] [LOG] [Laptop] GLB world bbox center: -2.498 0.412 0.010 @ http://localhost:3000/_next/static/chunks/0loi_next_dist_125_q28._.js:2477
[    1685ms] [LOG] [Laptop] GLB world bbox size: 1.320 0.888 1.296 @ http://localhost:3000/_next/static/chunks/0loi_next_dist_125_q28._.js:2477
[    1685ms] [LOG] [Laptop] GLB world bbox center: -2.498 0.412 0.010 @ http://localhost:3000/_next/static/chunks/0loi_next_dist_125_q28._.js:2477
[    1686ms] [LOG] [Laptop] GLB world bbox size: 1.320 0.888 1.296 @ http://localhost:3000/_next/static/chunks/0loi_next_dist_125_q28._.js:2477
[    1687ms] [LOG] [Laptop] GLB world bbox center: -2.498 0.412 0.010 @ http://localhost:3000/_next/static/chunks/0loi_next_dist_125_q28._.js:2477
[    1762ms] [LOG] [Laptop] GLB world bbox size: 1.320 0.888 1.296 @ http://localhost:3000/_next/static/chunks/0loi_next_dist_125_q28._.js:2477
[    1763ms] [LOG] [Laptop] GLB world bbox center: -2.498 0.412 0.010 @ http://localhost:3000/_next/static/chunks/0loi_next_dist_125_q28._.js:2477
[    1763ms] [LOG] [Laptop] GLB world bbox size: 1.320 0.888 1.296 @ http://localhost:3000/_next/static/chunks/0loi_next_dist_125_q28._.js:2477
[    1763ms] [LOG] [Laptop] GLB world bbox center: -2.498 0.412 0.010 @ http://localhost:3000/_next/static/chunks/0loi_next_dist_125_q28._.js:2477
[    1770ms] [LOG] [Hardware] GLB size: 0.145 0.138 0.005 @ http://localhost:3000/_next/static/chunks/0loi_next_dist_125_q28._.js:2477
[    1771ms] [LOG] [Hardware] scaleFactor: 17.260 @ http://localhost:3000/_next/static/chunks/0loi_next_dist_125_q28._.js:2477
[    1771ms] [LOG] [Hardware] GLB size: 0.145 0.138 0.005 @ http://localhost:3000/_next/static/chunks/0loi_next_dist_125_q28._.js:2477
[    1771ms] [LOG] [Hardware] scaleFactor: 17.260 @ http://localhost:3000/_next/static/chunks/0loi_next_dist_125_q28._.js:2477
[    2486ms] [LOG] THREE.WebGLRenderer: Context Lost. @ http://localhost:3000/_next/static/chunks/0loi_next_dist_125_q28._.js:2477
[    3537ms] [WARNING] THREE.Clock: This module has been deprecated. Please use THREE.Timer instead. @ http://localhost:3000/_next/static/chunks/0loi_next_dist_125_q28._.js:2477
[    3570ms] [LOG] [Laptop] GLB world bbox size: 1.320 0.888 1.296 @ http://localhost:3000/_next/static/chunks/0loi_next_dist_125_q28._.js:2477
[    3571ms] [LOG] [Laptop] GLB world bbox center: -2.498 0.412 0.010 @ http://localhost:3000/_next/static/chunks/0loi_next_dist_125_q28._.js:2477
[    3571ms] [LOG] [Laptop] GLB world bbox size: 1.320 0.888 1.296 @ http://localhost:3000/_next/static/chunks/0loi_next_dist_125_q28._.js:2477
[    3571ms] [LOG] [Laptop] GLB world bbox center: -2.498 0.412 0.010 @ http://localhost:3000/_next/static/chunks/0loi_next_dist_125_q28._.js:2477
[    3576ms] [LOG] [Hardware] GLB size: 0.145 0.138 0.005 @ http://localhost:3000/_next/static/chunks/0loi_next_dist_125_q28._.js:2477
[    3577ms] [LOG] [Hardware] scaleFactor: 17.260 @ http://localhost:3000/_next/static/chunks/0loi_next_dist_125_q28._.js:2477
[    3577ms] [LOG] [Hardware] GLB size: 0.145 0.138 0.005 @ http://localhost:3000/_next/static/chunks/0loi_next_dist_125_q28._.js:2477
[    3578ms] [LOG] [Hardware] scaleFactor: 17.260 @ http://localhost:3000/_next/static/chunks/0loi_next_dist_125_q28._.js:2477
[    4488ms] [LOG]   Group        | "Scene" @ http://localhost:3000/_next/static/chunks/0loi_next_dist_125_q28._.js:2477
[    4488ms] [LOG]   Group        | "DECK" @ http://localhost:3000/_next/static/chunks/0loi_next_dist_125_q28._.js:2477
[    4488ms] [LOG]   Mesh         | "Cube" @ http://localhost:3000/_next/static/chunks/0loi_next_dist_125_q28._.js:2477
[    4489ms] [LOG]   Mesh         | "Cube_1" @ http://localhost:3000/_next/static/chunks/0loi_next_dist_125_q28._.js:2477
[    4489ms] [LOG]   Mesh         | "Cube_2" @ http://localhost:3000/_next/static/chunks/0loi_next_dist_125_q28._.js:2477
[    4489ms] [LOG]   Mesh         | "Cube_3" @ http://localhost:3000/_next/static/chunks/0loi_next_dist_125_q28._.js:2477
[    4489ms] [LOG]   Group        | "keys_phy" @ http://localhost:3000/_next/static/chunks/0loi_next_dist_125_q28._.js:2477
[    4489ms] [LOG]   Mesh         | "Cube004" @ http://localhost:3000/_next/static/chunks/0loi_next_dist_125_q28._.js:2477
[    4489ms] [LOG]   Mesh         | "Cube004_1" @ http://localhost:3000/_next/static/chunks/0loi_next_dist_125_q28._.js:2477
[    4489ms] [LOG]   Mesh         | "mold_1" @ http://localhost:3000/_next/static/chunks/0loi_next_dist_125_q28._.js:2477
[    4489ms] [LOG]   Mesh         | "mold_3" @ http://localhost:3000/_next/static/chunks/0loi_next_dist_125_q28._.js:2477
[    4489ms] [LOG]   Mesh         | "mold_3001" @ http://localhost:3000/_next/static/chunks/0loi_next_dist_125_q28._.js:2477
[    4489ms] [LOG]   Mesh         | "notification_led" @ http://localhost:3000/_next/static/chunks/0loi_next_dist_125_q28._.js:2477
[    4490ms] [LOG]   Mesh         | "powerbutton001" @ http://localhost:3000/_next/static/chunks/0loi_next_dist_125_q28._.js:2477
[    4490ms] [LOG]   Mesh         | "powerbutton" @ http://localhost:3000/_next/static/chunks/0loi_next_dist_125_q28._.js:2477
[    4490ms] [LOG]   Mesh         | "tufLogo" @ http://localhost:3000/_next/static/chunks/0loi_next_dist_125_q28._.js:2477
[    4490ms] [LOG]   Mesh         | "W" @ http://localhost:3000/_next/static/chunks/0loi_next_dist_125_q28._.js:2477
[    4490ms] [LOG]   Mesh         | "A" @ http://localhost:3000/_next/static/chunks/0loi_next_dist_125_q28._.js:2477
[    4490ms] [LOG]   Mesh         | "D" @ http://localhost:3000/_next/static/chunks/0loi_next_dist_125_q28._.js:2477
[    4490ms] [LOG]   Mesh         | "S" @ http://localhost:3000/_next/static/chunks/0loi_next_dist_125_q28._.js:2477
[    4490ms] [LOG]   Group        | "laptop_display" @ http://localhost:3000/_next/static/chunks/0loi_next_dist_125_q28._.js:2477
[    4490ms] [LOG]   Mesh         | "Cube001" @ http://localhost:3000/_next/static/chunks/0loi_next_dist_125_q28._.js:2477
[    4490ms] [LOG]   Mesh         | "Cube001_1" @ http://localhost:3000/_next/static/chunks/0loi_next_dist_125_q28._.js:2477
[    4491ms] [LOG]   Mesh         | "Cylinder" @ http://localhost:3000/_next/static/chunks/0loi_next_dist_125_q28._.js:2477
[    4491ms] [LOG]   Mesh         | "Cylinder001" @ http://localhost:3000/_next/static/chunks/0loi_next_dist_125_q28._.js:2477
[    4491ms] [LOG]   Mesh         | "Plane" @ http://localhost:3000/_next/static/chunks/0loi_next_dist_125_q28._.js:2477
[    4491ms] [LOG]   Mesh         | "tufLogo001" @ http://localhost:3000/_next/static/chunks/0loi_next_dist_125_q28._.js:2477
[    4491ms] [LOG]   Mesh         | "wallpaper" @ http://localhost:3000/_next/static/chunks/0loi_next_dist_125_q28._.js:2477
[    4491ms] [LOG]   Mesh         | "backlight" @ http://localhost:3000/_next/static/chunks/0loi_next_dist_125_q28._.js:2477
[    4492ms] [LOG] [Laptop] Screen texture wired to: wallpaper @ http://localhost:3000/_next/static/chunks/0loi_next_dist_125_q28._.js:2477
[    4492ms] [LOG] [Laptop] Mirror fix applied via texture repeat/offset mapping @ http://localhost:3000/_next/static/chunks/0loi_next_dist_125_q28._.js:2477
[   24010ms] [WARNING] Canvas2D: Multiple readback operations using getImageData are faster with the willReadFrequently attribute set to true. See: https://html.spec.whatwg.org/multipage/canvas.html#concept-canvas-will-read-frequently @ :9
[   41160ms] [LOG] [Fast Refresh] rebuilding @ http://localhost:3000/_next/static/chunks/0loi_next_dist_125_q28._.js:2477
[   41320ms] [LOG] [Fast Refresh] done in 265ms @ http://localhost:3000/_next/static/chunks/0loi_next_dist_125_q28._.js:2477
[   80568ms] [LOG] [Fast Refresh] rebuilding @ http://localhost:3000/_next/static/chunks/0loi_next_dist_125_q28._.js:2477
[   80569ms] [LOG] [Fast Refresh] done in 107ms @ http://localhost:3000/_next/static/chunks/0loi_next_dist_125_q28._.js:2477
