[     221ms] [LOG] [Fast Refresh] rebuilding @ http://localhost:3000/_next/static/chunks/0loi_next_dist_125_q28._.js:2477
[     332ms] [LOG] [Fast Refresh] done in 212ms @ http://localhost:3000/_next/static/chunks/0loi_next_dist_125_q28._.js:2477
[     609ms] [INFO] %cDownload the React DevTools for a better development experience: https://react.dev/link/react-devtools font-weight:bold @ http://localhost:3000/_next/static/chunks/0loi_next_dist_125_q28._.js:2477
[     693ms] [LOG] [HMR] connected @ http://localhost:3000/_next/static/chunks/0loi_next_dist_125_q28._.js:2477
[    1212ms] [WARNING] THREE.Clock: This module has been deprecated. Please use THREE.Timer instead. @ http://localhost:3000/_next/static/chunks/0loi_next_dist_125_q28._.js:2477
[    1698ms] [LOG] [Laptop] GLB world bbox size: 1.320 0.888 1.296 @ http://localhost:3000/_next/static/chunks/0loi_next_dist_125_q28._.js:2477
[    1698ms] [LOG] [Laptop] GLB world bbox center: -2.498 0.412 0.010 @ http://localhost:3000/_next/static/chunks/0loi_next_dist_125_q28._.js:2477
[    1698ms] [LOG] [Laptop] GLB world bbox size: 1.320 0.888 1.296 @ http://localhost:3000/_next/static/chunks/0loi_next_dist_125_q28._.js:2477
[    1699ms] [LOG] [Laptop] GLB world bbox center: -2.498 0.412 0.010 @ http://localhost:3000/_next/static/chunks/0loi_next_dist_125_q28._.js:2477
[    1732ms] [LOG] [Laptop] GLB world bbox size: 1.320 0.888 1.296 @ http://localhost:3000/_next/static/chunks/0loi_next_dist_125_q28._.js:2477
[    1732ms] [LOG] [Laptop] GLB world bbox center: -2.498 0.412 0.010 @ http://localhost:3000/_next/static/chunks/0loi_next_dist_125_q28._.js:2477
[    1732ms] [LOG] [Laptop] GLB world bbox size: 1.320 0.888 1.296 @ http://localhost:3000/_next/static/chunks/0loi_next_dist_125_q28._.js:2477
[    1732ms] [LOG] [Laptop] GLB world bbox center: -2.498 0.412 0.010 @ http://localhost:3000/_next/static/chunks/0loi_next_dist_125_q28._.js:2477
[    1745ms] [LOG] [Hardware] GLB size: 0.145 0.138 0.005 @ http://localhost:3000/_next/static/chunks/0loi_next_dist_125_q28._.js:2477
[    1745ms] [LOG] [Hardware] scaleFactor: 17.260 @ http://localhost:3000/_next/static/chunks/0loi_next_dist_125_q28._.js:2477
[    1746ms] [LOG] [Hardware] GLB size: 0.145 0.138 0.005 @ http://localhost:3000/_next/static/chunks/0loi_next_dist_125_q28._.js:2477
[    1746ms] [LOG] [Hardware] scaleFactor: 17.260 @ http://localhost:3000/_next/static/chunks/0loi_next_dist_125_q28._.js:2477
[    1846ms] [LOG] [Laptop] GLB world bbox size: 1.320 0.888 1.296 @ http://localhost:3000/_next/static/chunks/0loi_next_dist_125_q28._.js:2477
[    1846ms] [LOG] [Laptop] GLB world bbox center: -2.498 0.412 0.010 @ http://localhost:3000/_next/static/chunks/0loi_next_dist_125_q28._.js:2477
[    1847ms] [LOG] [Laptop] GLB world bbox size: 1.320 0.888 1.296 @ http://localhost:3000/_next/static/chunks/0loi_next_dist_125_q28._.js:2477
[    1847ms] [LOG] [Laptop] GLB world bbox center: -2.498 0.412 0.010 @ http://localhost:3000/_next/static/chunks/0loi_next_dist_125_q28._.js:2477
[    1866ms] [LOG] [Hardware] GLB size: 0.145 0.138 0.005 @ http://localhost:3000/_next/static/chunks/0loi_next_dist_125_q28._.js:2477
[    1867ms] [LOG] [Hardware] scaleFactor: 17.260 @ http://localhost:3000/_next/static/chunks/0loi_next_dist_125_q28._.js:2477
[    1867ms] [LOG] [Hardware] GLB size: 0.145 0.138 0.005 @ http://localhost:3000/_next/static/chunks/0loi_next_dist_125_q28._.js:2477
[    1868ms] [LOG] [Hardware] scaleFactor: 17.260 @ http://localhost:3000/_next/static/chunks/0loi_next_dist_125_q28._.js:2477
[    1917ms] [LOG]   Group        | "Scene" @ http://localhost:3000/_next/static/chunks/0loi_next_dist_125_q28._.js:2477
[    1918ms] [LOG]   Group        | "DECK" @ http://localhost:3000/_next/static/chunks/0loi_next_dist_125_q28._.js:2477
[    1918ms] [LOG]   Mesh         | "Cube" @ http://localhost:3000/_next/static/chunks/0loi_next_dist_125_q28._.js:2477
[    1919ms] [LOG]   Mesh         | "Cube_1" @ http://localhost:3000/_next/static/chunks/0loi_next_dist_125_q28._.js:2477
[    1919ms] [LOG]   Mesh         | "Cube_2" @ http://localhost:3000/_next/static/chunks/0loi_next_dist_125_q28._.js:2477
[    1919ms] [LOG]   Mesh         | "Cube_3" @ http://localhost:3000/_next/static/chunks/0loi_next_dist_125_q28._.js:2477
[    1920ms] [LOG]   Group        | "keys_phy" @ http://localhost:3000/_next/static/chunks/0loi_next_dist_125_q28._.js:2477
[    1920ms] [LOG]   Mesh         | "Cube004" @ http://localhost:3000/_next/static/chunks/0loi_next_dist_125_q28._.js:2477
[    1920ms] [LOG]   Mesh         | "Cube004_1" @ http://localhost:3000/_next/static/chunks/0loi_next_dist_125_q28._.js:2477
[    1920ms] [LOG]   Mesh         | "mold_1" @ http://localhost:3000/_next/static/chunks/0loi_next_dist_125_q28._.js:2477
[    1920ms] [LOG]   Mesh         | "mold_3" @ http://localhost:3000/_next/static/chunks/0loi_next_dist_125_q28._.js:2477
[    1920ms] [LOG]   Mesh         | "mold_3001" @ http://localhost:3000/_next/static/chunks/0loi_next_dist_125_q28._.js:2477
[    1921ms] [LOG]   Mesh         | "notification_led" @ http://localhost:3000/_next/static/chunks/0loi_next_dist_125_q28._.js:2477
[    1921ms] [LOG]   Mesh         | "powerbutton001" @ http://localhost:3000/_next/static/chunks/0loi_next_dist_125_q28._.js:2477
[    1921ms] [LOG]   Mesh         | "powerbutton" @ http://localhost:3000/_next/static/chunks/0loi_next_dist_125_q28._.js:2477
[    1921ms] [LOG]   Mesh         | "tufLogo" @ http://localhost:3000/_next/static/chunks/0loi_next_dist_125_q28._.js:2477
[    1921ms] [LOG]   Mesh         | "W" @ http://localhost:3000/_next/static/chunks/0loi_next_dist_125_q28._.js:2477
[    1921ms] [LOG]   Mesh         | "A" @ http://localhost:3000/_next/static/chunks/0loi_next_dist_125_q28._.js:2477
[    1922ms] [LOG]   Mesh         | "D" @ http://localhost:3000/_next/static/chunks/0loi_next_dist_125_q28._.js:2477
[    1922ms] [LOG]   Mesh         | "S" @ http://localhost:3000/_next/static/chunks/0loi_next_dist_125_q28._.js:2477
[    1922ms] [LOG]   Group        | "laptop_display" @ http://localhost:3000/_next/static/chunks/0loi_next_dist_125_q28._.js:2477
[    1922ms] [LOG]   Mesh         | "Cube001" @ http://localhost:3000/_next/static/chunks/0loi_next_dist_125_q28._.js:2477
[    1922ms] [LOG]   Mesh         | "Cube001_1" @ http://localhost:3000/_next/static/chunks/0loi_next_dist_125_q28._.js:2477
[    1922ms] [LOG]   Mesh         | "Cylinder" @ http://localhost:3000/_next/static/chunks/0loi_next_dist_125_q28._.js:2477
[    1923ms] [LOG]   Mesh         | "Cylinder001" @ http://localhost:3000/_next/static/chunks/0loi_next_dist_125_q28._.js:2477
[    1923ms] [LOG]   Mesh         | "Plane" @ http://localhost:3000/_next/static/chunks/0loi_next_dist_125_q28._.js:2477
[    1923ms] [LOG]   Mesh         | "tufLogo001" @ http://localhost:3000/_next/static/chunks/0loi_next_dist_125_q28._.js:2477
[    1923ms] [LOG]   Mesh         | "wallpaper" @ http://localhost:3000/_next/static/chunks/0loi_next_dist_125_q28._.js:2477
[    1923ms] [LOG]   Mesh         | "backlight" @ http://localhost:3000/_next/static/chunks/0loi_next_dist_125_q28._.js:2477
[    1923ms] [LOG] [Laptop] Screen texture wired to: wallpaper @ http://localhost:3000/_next/static/chunks/0loi_next_dist_125_q28._.js:2477
[    1923ms] [LOG] [Laptop] Mirror fix applied via texture repeat/offset mapping @ http://localhost:3000/_next/static/chunks/0loi_next_dist_125_q28._.js:2477
[    2201ms] [LOG] [Laptop] GLB world bbox size: 1.320 0.888 1.296 @ http://localhost:3000/_next/static/chunks/0loi_next_dist_125_q28._.js:2477
[    2201ms] [LOG] [Laptop] GLB world bbox center: -2.498 0.412 0.010 @ http://localhost:3000/_next/static/chunks/0loi_next_dist_125_q28._.js:2477
[    2202ms] [LOG] [Laptop] GLB world bbox size: 1.320 0.888 1.296 @ http://localhost:3000/_next/static/chunks/0loi_next_dist_125_q28._.js:2477
[    2202ms] [LOG] [Laptop] GLB world bbox center: -2.498 0.412 0.010 @ http://localhost:3000/_next/static/chunks/0loi_next_dist_125_q28._.js:2477
[    2206ms] [LOG] [Hardware] GLB size: 0.145 0.138 0.005 @ http://localhost:3000/_next/static/chunks/0loi_next_dist_125_q28._.js:2477
[    2207ms] [LOG] [Hardware] scaleFactor: 17.260 @ http://localhost:3000/_next/static/chunks/0loi_next_dist_125_q28._.js:2477
[    2207ms] [LOG] [Hardware] GLB size: 0.145 0.138 0.005 @ http://localhost:3000/_next/static/chunks/0loi_next_dist_125_q28._.js:2477
[    2207ms] [LOG] [Hardware] scaleFactor: 17.260 @ http://localhost:3000/_next/static/chunks/0loi_next_dist_125_q28._.js:2477
[    2233ms] [LOG]   Group        | "Scene" @ http://localhost:3000/_next/static/chunks/0loi_next_dist_125_q28._.js:2477
[    2233ms] [LOG]   Group        | "DECK" @ http://localhost:3000/_next/static/chunks/0loi_next_dist_125_q28._.js:2477
[    2233ms] [LOG]   Mesh         | "Cube" @ http://localhost:3000/_next/static/chunks/0loi_next_dist_125_q28._.js:2477
[    2233ms] [LOG]   Mesh         | "Cube_1" @ http://localhost:3000/_next/static/chunks/0loi_next_dist_125_q28._.js:2477
[    2233ms] [LOG]   Mesh         | "Cube_2" @ http://localhost:3000/_next/static/chunks/0loi_next_dist_125_q28._.js:2477
[    2233ms] [LOG]   Mesh         | "Cube_3" @ http://localhost:3000/_next/static/chunks/0loi_next_dist_125_q28._.js:2477
[    2234ms] [LOG]   Group        | "keys_phy" @ http://localhost:3000/_next/static/chunks/0loi_next_dist_125_q28._.js:2477
[    2234ms] [LOG]   Mesh         | "Cube004" @ http://localhost:3000/_next/static/chunks/0loi_next_dist_125_q28._.js:2477
[    2234ms] [LOG]   Mesh         | "Cube004_1" @ http://localhost:3000/_next/static/chunks/0loi_next_dist_125_q28._.js:2477
[    2234ms] [LOG]   Mesh         | "mold_1" @ http://localhost:3000/_next/static/chunks/0loi_next_dist_125_q28._.js:2477
[    2234ms] [LOG]   Mesh         | "mold_3" @ http://localhost:3000/_next/static/chunks/0loi_next_dist_125_q28._.js:2477
[    2234ms] [LOG]   Mesh         | "mold_3001" @ http://localhost:3000/_next/static/chunks/0loi_next_dist_125_q28._.js:2477
[    2235ms] [LOG]   Mesh         | "notification_led" @ http://localhost:3000/_next/static/chunks/0loi_next_dist_125_q28._.js:2477
[    2235ms] [LOG]   Mesh         | "powerbutton001" @ http://localhost:3000/_next/static/chunks/0loi_next_dist_125_q28._.js:2477
[    2235ms] [LOG]   Mesh         | "powerbutton" @ http://localhost:3000/_next/static/chunks/0loi_next_dist_125_q28._.js:2477
[    2235ms] [LOG]   Mesh         | "tufLogo" @ http://localhost:3000/_next/static/chunks/0loi_next_dist_125_q28._.js:2477
[    2236ms] [LOG]   Mesh         | "W" @ http://localhost:3000/_next/static/chunks/0loi_next_dist_125_q28._.js:2477
[    2236ms] [LOG]   Mesh         | "A" @ http://localhost:3000/_next/static/chunks/0loi_next_dist_125_q28._.js:2477
[    2236ms] [LOG]   Mesh         | "D" @ http://localhost:3000/_next/static/chunks/0loi_next_dist_125_q28._.js:2477
[    2237ms] [LOG]   Mesh         | "S" @ http://localhost:3000/_next/static/chunks/0loi_next_dist_125_q28._.js:2477
[    2237ms] [LOG]   Group        | "laptop_display" @ http://localhost:3000/_next/static/chunks/0loi_next_dist_125_q28._.js:2477
[    2237ms] [LOG]   Mesh         | "Cube001" @ http://localhost:3000/_next/static/chunks/0loi_next_dist_125_q28._.js:2477
[    2237ms] [LOG]   Mesh         | "Cube001_1" @ http://localhost:3000/_next/static/chunks/0loi_next_dist_125_q28._.js:2477
[    2237ms] [LOG]   Mesh         | "Cylinder" @ http://localhost:3000/_next/static/chunks/0loi_next_dist_125_q28._.js:2477
[    2238ms] [LOG]   Mesh         | "Cylinder001" @ http://localhost:3000/_next/static/chunks/0loi_next_dist_125_q28._.js:2477
[    2238ms] [LOG]   Mesh         | "Plane" @ http://localhost:3000/_next/static/chunks/0loi_next_dist_125_q28._.js:2477
[    2238ms] [LOG]   Mesh         | "tufLogo001" @ http://localhost:3000/_next/static/chunks/0loi_next_dist_125_q28._.js:2477
[    2238ms] [LOG]   Mesh         | "wallpaper" @ http://localhost:3000/_next/static/chunks/0loi_next_dist_125_q28._.js:2477
[    2239ms] [LOG]   Mesh         | "backlight" @ http://localhost:3000/_next/static/chunks/0loi_next_dist_125_q28._.js:2477
[    2239ms] [LOG] [Laptop] Screen texture wired to: wallpaper @ http://localhost:3000/_next/static/chunks/0loi_next_dist_125_q28._.js:2477
[    2239ms] [LOG] [Laptop] Mirror fix applied via texture repeat/offset mapping @ http://localhost:3000/_next/static/chunks/0loi_next_dist_125_q28._.js:2477
[    2725ms] [LOG] THREE.WebGLRenderer: Context Lost. @ http://localhost:3000/_next/static/chunks/0loi_next_dist_125_q28._.js:2477
[    3199ms] [WARNING] THREE.Clock: This module has been deprecated. Please use THREE.Timer instead. @ http://localhost:3000/_next/static/chunks/0loi_next_dist_125_q28._.js:2477
[    3265ms] [LOG] [Laptop] GLB world bbox size: 1.320 0.888 1.296 @ http://localhost:3000/_next/static/chunks/0loi_next_dist_125_q28._.js:2477
[    3266ms] [LOG] [Laptop] GLB world bbox center: -2.498 0.412 0.010 @ http://localhost:3000/_next/static/chunks/0loi_next_dist_125_q28._.js:2477
[    3266ms] [LOG] [Laptop] GLB world bbox size: 1.320 0.888 1.296 @ http://localhost:3000/_next/static/chunks/0loi_next_dist_125_q28._.js:2477
[    3267ms] [LOG] [Laptop] GLB world bbox center: -2.498 0.412 0.010 @ http://localhost:3000/_next/static/chunks/0loi_next_dist_125_q28._.js:2477
[    3270ms] [LOG] [Hardware] GLB size: 0.145 0.138 0.005 @ http://localhost:3000/_next/static/chunks/0loi_next_dist_125_q28._.js:2477
[    3271ms] [LOG] [Hardware] scaleFactor: 17.260 @ http://localhost:3000/_next/static/chunks/0loi_next_dist_125_q28._.js:2477
[    3271ms] [LOG] [Hardware] GLB size: 0.145 0.138 0.005 @ http://localhost:3000/_next/static/chunks/0loi_next_dist_125_q28._.js:2477
[    3272ms] [LOG] [Hardware] scaleFactor: 17.260 @ http://localhost:3000/_next/static/chunks/0loi_next_dist_125_q28._.js:2477
[    3298ms] [LOG]   Group        | "Scene" @ http://localhost:3000/_next/static/chunks/0loi_next_dist_125_q28._.js:2477
[    3299ms] [LOG]   Group        | "DECK" @ http://localhost:3000/_next/static/chunks/0loi_next_dist_125_q28._.js:2477
[    3299ms] [LOG]   Mesh         | "Cube" @ http://localhost:3000/_next/static/chunks/0loi_next_dist_125_q28._.js:2477
[    3299ms] [LOG]   Mesh         | "Cube_1" @ http://localhost:3000/_next/static/chunks/0loi_next_dist_125_q28._.js:2477
[    3299ms] [LOG]   Mesh         | "Cube_2" @ http://localhost:3000/_next/static/chunks/0loi_next_dist_125_q28._.js:2477
[    3299ms] [LOG]   Mesh         | "Cube_3" @ http://localhost:3000/_next/static/chunks/0loi_next_dist_125_q28._.js:2477
[    3299ms] [LOG]   Group        | "keys_phy" @ http://localhost:3000/_next/static/chunks/0loi_next_dist_125_q28._.js:2477
[    3300ms] [LOG]   Mesh         | "Cube004" @ http://localhost:3000/_next/static/chunks/0loi_next_dist_125_q28._.js:2477
[    3300ms] [LOG]   Mesh         | "Cube004_1" @ http://localhost:3000/_next/static/chunks/0loi_next_dist_125_q28._.js:2477
[    3300ms] [LOG]   Mesh         | "mold_1" @ http://localhost:3000/_next/static/chunks/0loi_next_dist_125_q28._.js:2477
[    3300ms] [LOG]   Mesh         | "mold_3" @ http://localhost:3000/_next/static/chunks/0loi_next_dist_125_q28._.js:2477
[    3300ms] [LOG]   Mesh         | "mold_3001" @ http://localhost:3000/_next/static/chunks/0loi_next_dist_125_q28._.js:2477
[    3300ms] [LOG]   Mesh         | "notification_led" @ http://localhost:3000/_next/static/chunks/0loi_next_dist_125_q28._.js:2477
[    3300ms] [LOG]   Mesh         | "powerbutton001" @ http://localhost:3000/_next/static/chunks/0loi_next_dist_125_q28._.js:2477
[    3301ms] [LOG]   Mesh         | "powerbutton" @ http://localhost:3000/_next/static/chunks/0loi_next_dist_125_q28._.js:2477
[    3301ms] [LOG]   Mesh         | "tufLogo" @ http://localhost:3000/_next/static/chunks/0loi_next_dist_125_q28._.js:2477
[    3301ms] [LOG]   Mesh         | "W" @ http://localhost:3000/_next/static/chunks/0loi_next_dist_125_q28._.js:2477
[    3301ms] [LOG]   Mesh         | "A" @ http://localhost:3000/_next/static/chunks/0loi_next_dist_125_q28._.js:2477
[    3301ms] [LOG]   Mesh         | "D" @ http://localhost:3000/_next/static/chunks/0loi_next_dist_125_q28._.js:2477
[    3302ms] [LOG]   Mesh         | "S" @ http://localhost:3000/_next/static/chunks/0loi_next_dist_125_q28._.js:2477
[    3302ms] [LOG]   Group        | "laptop_display" @ http://localhost:3000/_next/static/chunks/0loi_next_dist_125_q28._.js:2477
[    3302ms] [LOG]   Mesh         | "Cube001" @ http://localhost:3000/_next/static/chunks/0loi_next_dist_125_q28._.js:2477
[    3302ms] [LOG]   Mesh         | "Cube001_1" @ http://localhost:3000/_next/static/chunks/0loi_next_dist_125_q28._.js:2477
[    3302ms] [LOG]   Mesh         | "Cylinder" @ http://localhost:3000/_next/static/chunks/0loi_next_dist_125_q28._.js:2477
[    3302ms] [LOG]   Mesh         | "Cylinder001" @ http://localhost:3000/_next/static/chunks/0loi_next_dist_125_q28._.js:2477
[    3303ms] [LOG]   Mesh         | "Plane" @ http://localhost:3000/_next/static/chunks/0loi_next_dist_125_q28._.js:2477
[    3303ms] [LOG]   Mesh         | "tufLogo001" @ http://localhost:3000/_next/static/chunks/0loi_next_dist_125_q28._.js:2477
[    3303ms] [LOG]   Mesh         | "wallpaper" @ http://localhost:3000/_next/static/chunks/0loi_next_dist_125_q28._.js:2477
[    3303ms] [LOG]   Mesh         | "backlight" @ http://localhost:3000/_next/static/chunks/0loi_next_dist_125_q28._.js:2477
[    3303ms] [LOG] [Laptop] Screen texture wired to: wallpaper @ http://localhost:3000/_next/static/chunks/0loi_next_dist_125_q28._.js:2477
[    3303ms] [LOG] [Laptop] Mirror fix applied via texture repeat/offset mapping @ http://localhost:3000/_next/static/chunks/0loi_next_dist_125_q28._.js:2477
