[     260ms] [INFO] %cDownload the React DevTools for a better development experience: https://react.dev/link/react-devtools font-weight:bold @ http://localhost:3000/_next/static/chunks/0loi_next_dist_125_q28._.js:2477
[     374ms] [LOG] [HMR] connected @ http://localhost:3000/_next/static/chunks/0loi_next_dist_125_q28._.js:2477
[    1304ms] [WARNING] THREE.Clock: This module has been deprecated. Please use THREE.Timer instead. @ http://localhost:3000/_next/static/chunks/0loi_next_dist_125_q28._.js:2477
[    1393ms] [LOG] [Laptop] GLB world bbox size: 1.320 0.888 1.296 @ http://localhost:3000/_next/static/chunks/0loi_next_dist_125_q28._.js:2477
[    1393ms] [LOG] [Laptop] GLB world bbox center: -2.498 0.412 0.010 @ http://localhost:3000/_next/static/chunks/0loi_next_dist_125_q28._.js:2477
[    1394ms] [LOG] [Laptop] GLB world bbox size: 1.320 0.888 1.296 @ http://localhost:3000/_next/static/chunks/0loi_next_dist_125_q28._.js:2477
[    1394ms] [LOG] [Laptop] GLB world bbox center: -2.498 0.412 0.010 @ http://localhost:3000/_next/static/chunks/0loi_next_dist_125_q28._.js:2477
[    1420ms] [LOG] [Laptop] GLB world bbox size: 1.320 0.888 1.296 @ http://localhost:3000/_next/static/chunks/0loi_next_dist_125_q28._.js:2477
[    1421ms] [LOG] [Laptop] GLB world bbox center: -2.498 0.412 0.010 @ http://localhost:3000/_next/static/chunks/0loi_next_dist_125_q28._.js:2477
[    1421ms] [LOG] [Laptop] GLB world bbox size: 1.320 0.888 1.296 @ http://localhost:3000/_next/static/chunks/0loi_next_dist_125_q28._.js:2477
[    1422ms] [LOG] [Laptop] GLB world bbox center: -2.498 0.412 0.010 @ http://localhost:3000/_next/static/chunks/0loi_next_dist_125_q28._.js:2477
[    1451ms] [LOG] [Laptop] GLB world bbox size: 1.320 0.888 1.296 @ http://localhost:3000/_next/static/chunks/0loi_next_dist_125_q28._.js:2477
[    1451ms] [LOG] [Laptop] GLB world bbox center: -2.498 0.412 0.010 @ http://localhost:3000/_next/static/chunks/0loi_next_dist_125_q28._.js:2477
[    1452ms] [LOG] [Laptop] GLB world bbox size: 1.320 0.888 1.296 @ http://localhost:3000/_next/static/chunks/0loi_next_dist_125_q28._.js:2477
[    1452ms] [LOG] [Laptop] GLB world bbox center: -2.498 0.412 0.010 @ http://localhost:3000/_next/static/chunks/0loi_next_dist_125_q28._.js:2477
[    1532ms] [LOG] [Laptop] GLB world bbox size: 1.320 0.888 1.296 @ http://localhost:3000/_next/static/chunks/0loi_next_dist_125_q28._.js:2477
[    1533ms] [LOG] [Laptop] GLB world bbox center: -2.498 0.412 0.010 @ http://localhost:3000/_next/static/chunks/0loi_next_dist_125_q28._.js:2477
[    1533ms] [LOG] [Laptop] GLB world bbox size: 1.320 0.888 1.296 @ http://localhost:3000/_next/static/chunks/0loi_next_dist_125_q28._.js:2477
[    1534ms] [LOG] [Laptop] GLB world bbox center: -2.498 0.412 0.010 @ http://localhost:3000/_next/static/chunks/0loi_next_dist_125_q28._.js:2477
[    1541ms] [LOG] [Hardware] GLB size: 0.145 0.138 0.005 @ http://localhost:3000/_next/static/chunks/0loi_next_dist_125_q28._.js:2477
[    1542ms] [LOG] [Hardware] scaleFactor: 17.260 @ http://localhost:3000/_next/static/chunks/0loi_next_dist_125_q28._.js:2477
[    1542ms] [LOG] [Hardware] GLB size: 0.145 0.138 0.005 @ http://localhost:3000/_next/static/chunks/0loi_next_dist_125_q28._.js:2477
[    1542ms] [LOG] [Hardware] scaleFactor: 17.260 @ http://localhost:3000/_next/static/chunks/0loi_next_dist_125_q28._.js:2477
[    2279ms] [LOG] THREE.WebGLRenderer: Context Lost. @ http://localhost:3000/_next/static/chunks/0loi_next_dist_125_q28._.js:2477
[    3304ms] [WARNING] THREE.Clock: This module has been deprecated. Please use THREE.Timer instead. @ http://localhost:3000/_next/static/chunks/0loi_next_dist_125_q28._.js:2477
[    3336ms] [LOG] [Laptop] GLB world bbox size: 1.320 0.888 1.296 @ http://localhost:3000/_next/static/chunks/0loi_next_dist_125_q28._.js:2477
[    3336ms] [LOG] [Laptop] GLB world bbox center: -2.498 0.412 0.010 @ http://localhost:3000/_next/static/chunks/0loi_next_dist_125_q28._.js:2477
[    3336ms] [LOG] [Laptop] GLB world bbox size: 1.320 0.888 1.296 @ http://localhost:3000/_next/static/chunks/0loi_next_dist_125_q28._.js:2477
[    3337ms] [LOG] [Laptop] GLB world bbox center: -2.498 0.412 0.010 @ http://localhost:3000/_next/static/chunks/0loi_next_dist_125_q28._.js:2477
[    3339ms] [LOG] [Hardware] GLB size: 0.145 0.138 0.005 @ http://localhost:3000/_next/static/chunks/0loi_next_dist_125_q28._.js:2477
[    3340ms] [LOG] [Hardware] scaleFactor: 17.260 @ http://localhost:3000/_next/static/chunks/0loi_next_dist_125_q28._.js:2477
[    3340ms] [LOG] [Hardware] GLB size: 0.145 0.138 0.005 @ http://localhost:3000/_next/static/chunks/0loi_next_dist_125_q28._.js:2477
[    3340ms] [LOG] [Hardware] scaleFactor: 17.260 @ http://localhost:3000/_next/static/chunks/0loi_next_dist_125_q28._.js:2477
[    4255ms] [LOG]   Group        | "Scene" @ http://localhost:3000/_next/static/chunks/0loi_next_dist_125_q28._.js:2477
[    4255ms] [LOG]   Group        | "DECK" @ http://localhost:3000/_next/static/chunks/0loi_next_dist_125_q28._.js:2477
[    4255ms] [LOG]   Mesh         | "Cube" @ http://localhost:3000/_next/static/chunks/0loi_next_dist_125_q28._.js:2477
[    4255ms] [LOG]   Mesh         | "Cube_1" @ http://localhost:3000/_next/static/chunks/0loi_next_dist_125_q28._.js:2477
[    4255ms] [LOG]   Mesh         | "Cube_2" @ http://localhost:3000/_next/static/chunks/0loi_next_dist_125_q28._.js:2477
[    4255ms] [LOG]   Mesh         | "Cube_3" @ http://localhost:3000/_next/static/chunks/0loi_next_dist_125_q28._.js:2477
[    4255ms] [LOG]   Group        | "keys_phy" @ http://localhost:3000/_next/static/chunks/0loi_next_dist_125_q28._.js:2477
[    4256ms] [LOG]   Mesh         | "Cube004" @ http://localhost:3000/_next/static/chunks/0loi_next_dist_125_q28._.js:2477
[    4256ms] [LOG]   Mesh         | "Cube004_1" @ http://localhost:3000/_next/static/chunks/0loi_next_dist_125_q28._.js:2477
[    4256ms] [LOG]   Mesh         | "mold_1" @ http://localhost:3000/_next/static/chunks/0loi_next_dist_125_q28._.js:2477
[    4256ms] [LOG]   Mesh         | "mold_3" @ http://localhost:3000/_next/static/chunks/0loi_next_dist_125_q28._.js:2477
[    4256ms] [LOG]   Mesh         | "mold_3001" @ http://localhost:3000/_next/static/chunks/0loi_next_dist_125_q28._.js:2477
[    4256ms] [LOG]   Mesh         | "notification_led" @ http://localhost:3000/_next/static/chunks/0loi_next_dist_125_q28._.js:2477
[    4256ms] [LOG]   Mesh         | "powerbutton001" @ http://localhost:3000/_next/static/chunks/0loi_next_dist_125_q28._.js:2477
[    4256ms] [LOG]   Mesh         | "powerbutton" @ http://localhost:3000/_next/static/chunks/0loi_next_dist_125_q28._.js:2477
[    4256ms] [LOG]   Mesh         | "tufLogo" @ http://localhost:3000/_next/static/chunks/0loi_next_dist_125_q28._.js:2477
[    4256ms] [LOG]   Mesh         | "W" @ http://localhost:3000/_next/static/chunks/0loi_next_dist_125_q28._.js:2477
[    4257ms] [LOG]   Mesh         | "A" @ http://localhost:3000/_next/static/chunks/0loi_next_dist_125_q28._.js:2477
[    4257ms] [LOG]   Mesh         | "D" @ http://localhost:3000/_next/static/chunks/0loi_next_dist_125_q28._.js:2477
[    4257ms] [LOG]   Mesh         | "S" @ http://localhost:3000/_next/static/chunks/0loi_next_dist_125_q28._.js:2477
[    4257ms] [LOG]   Group        | "laptop_display" @ http://localhost:3000/_next/static/chunks/0loi_next_dist_125_q28._.js:2477
[    4257ms] [LOG]   Mesh         | "Cube001" @ http://localhost:3000/_next/static/chunks/0loi_next_dist_125_q28._.js:2477
[    4257ms] [LOG]   Mesh         | "Cube001_1" @ http://localhost:3000/_next/static/chunks/0loi_next_dist_125_q28._.js:2477
[    4257ms] [LOG]   Mesh         | "Cylinder" @ http://localhost:3000/_next/static/chunks/0loi_next_dist_125_q28._.js:2477
[    4257ms] [LOG]   Mesh         | "Cylinder001" @ http://localhost:3000/_next/static/chunks/0loi_next_dist_125_q28._.js:2477
[    4258ms] [LOG]   Mesh         | "Plane" @ http://localhost:3000/_next/static/chunks/0loi_next_dist_125_q28._.js:2477
[    4258ms] [LOG]   Mesh         | "tufLogo001" @ http://localhost:3000/_next/static/chunks/0loi_next_dist_125_q28._.js:2477
[    4258ms] [LOG]   Mesh         | "wallpaper" @ http://localhost:3000/_next/static/chunks/0loi_next_dist_125_q28._.js:2477
[    4258ms] [LOG]   Mesh         | "backlight" @ http://localhost:3000/_next/static/chunks/0loi_next_dist_125_q28._.js:2477
[    4258ms] [LOG] [Laptop] Screen texture wired to: wallpaper @ http://localhost:3000/_next/static/chunks/0loi_next_dist_125_q28._.js:2477
[    4259ms] [LOG] [Laptop] Mirror fix applied via texture repeat/offset mapping @ http://localhost:3000/_next/static/chunks/0loi_next_dist_125_q28._.js:2477
